10 468
35 57
70 246
88 278
166 471
183 258
305 405
378 461
