1 47
2 57
2 67
3 33
3 80
4 80
5 12
5 57
5 64
6 73
7 84
8 22
9 61
10 89
11 40
11 49
11 83
12 36
12 78
13 63
14 72
14 81
15 18
16 77
16 90
17 39
18 41
18 47
19 47
19 51
20 23
20 62
20 71
21 28
21 48
22 38
23 42
24 56
25 28
25 55
26 93
27 70
29 34
29 35
30 67
31 90
32 34
33 53
33 94
34 37
35 76
37 65
37 84
38 50
38 52
38 80
39 76
39 89
39 90
39 92
41 69
43 64
44 48
45 66
46 68
46 75
46 86
47 63
47 73
48 83
50 72
50 87
54 82
56 71
56 85
58 72
58 91
59 76
60 86
61 96
66 71
66 79
67 71
69 74
69 82
70 75
73 83
74 88
80 83
80 85
80 90
83 93
86 94
93 96
94 95
